// Jest Snapshot v1, https://goo.gl/fbAQLP

exports[`test Tr consumer should render given component 1`] = `
<h1>
  hello
</h1>
`;
